// Jest Snapshot v1, https://goo.gl/fbAQLP

exports[`Brick render correctly 1`] = `
<div
  className="container"
/>
`;
