// Jest Snapshot v1, https://goo.gl/fbAQLP

exports[`DigitalSign render correctly 1`] = `
<div
  className="container left-top vertical active"
/>
`;
