// Jest Snapshot v1, https://goo.gl/fbAQLP

exports[`StatusBrick render correctly 1`] = `
<div
  className="container smile"
  onClick={[Function]}
  onContextMenu={[Function]}
/>
`;
